// Vitest Snapshot v1, https://vitest.dev/guide/snapshot.html

exports[`useGeometryDashTooling() > Does GJP correctly 1`] = `"¸A"`;

exports[`useGeometryDashTooling() > Does GJP correctly 2`] = `"5d7e97a0ba243e789af754a88048d532023f47df"`;

exports[`useGeometryDashTooling() > Hashes solo correctly 1`] = `"7201c5c18f5ad9ebfb4ad80a1b9e9ec54a21bb3b"`;

exports[`useGeometryDashTooling() > Hashes solo correctly 2`] = `"4316d5399e5610b6f15c41b07f454754673b5a81"`;

exports[`useGeometryDashTooling() > Hashes solo correctly 3`] = `"cf014d91f693410c0c473be01fc969a145990b64"`;

exports[`useGeometryDashTooling() > Hashes solo correctly 4`] = `"2b93669e7fe76b8814c3372340fa4c0e1ea4c584"`;
